// Jest Snapshot v1, https://jestjs.io/docs/snapshot-testing

exports[`NotFound Page Snapshot should match snapshot 1`] = `
<div>
  <main
    class="flex flex-col items-center justify-center min-h-screen gap-5"
  >
    <h2
      class="text-red-600 font-bold text-5xl"
    >
      Oooops!
    </h2>
    <h2
      class="text-xl"
    >
      This page is not found
    </h2>
    <a
      href="/"
    >
      Home
    </a>
  </main>
</div>
`;
